Running 1 test
In TestUserTraits::testUserTraits:
UserTraits.h:34: Error: Test failed: 0x7F
Failed 1 of 1 test
Success rate: 0%
Error level = 1
