Number of suites: 8
Number of tests: 14
Number of failed tests: 12
Error level = 0
