Running 18 tests..................OK!
Error level = 0
