Running 1 test
In SimpleTest::testAddition:
SimpleTest.h:24: Error: Expected (2 + 2 == 5), found (4 != 5)
Failed 1 of 1 test
Success rate: 0%
Error level = 1
